Microchip MPLAB XC8 Compiler V1.44 ()

Linker command line:

-W-3 --edf=C:\Program Files (x86)\Microchip\xc8\v1.44\dat\en_msgs.txt -cs \
  -h+dist/default/production\PIC18F46K22.X.production.sym \
  --cmf=dist/default/production\PIC18F46K22.X.production.cmf -z -Q18F46K22 \
  -oC:\Users\Silviu\AppData\Local\Temp\sc8s.2 \
  -Mdist/default/production/PIC18F46K22.X.production.map -E1 -ver=XC8 \
  -ASTACK=0C6h-0f37h -pstack=STACK -ACODE=00h-0FFFFh -ACONST=00h-0FFFFh \
  -ASMALLCONST=01000h-010FFhx240 -AMEDIUMCONST=01000h-0FFFFh \
  -ACOMRAM=01h-05Fh -AABS1=00h-0F37h -ABIGRAM=01h-0F37h \
  -ARAM=060h-0FFh,0100h-01FFhx14,0F00h-0F37h -ABANK0=060h-0FFh \
  -ABANK1=0100h-01FFh -ABANK2=0200h-02FFh -ABANK3=0300h-03FFh \
  -ABANK4=0400h-04FFh -ABANK5=0500h-05FFh -ABANK6=0600h-06FFh \
  -ABANK7=0700h-07FFh -ABANK8=0800h-08FFh -ABANK9=0900h-09FFh \
  -ABANK10=0A00h-0AFFh -ABANK11=0B00h-0BFFh -ABANK12=0C00h-0CFFh \
  -ABANK13=0D00h-0DFFh -ABANK14=0E00h-0EFFh -ABANK15=0F00h-0F37h \
  -ASFR=0F38h-0F5Fh,0F60h-0FFFh \
  -preset_vec=00h,intcode,intcodelo,powerup,init -pramtop=01000h \
  -psmallconst=SMALLCONST -pmediumconst=MEDIUMCONST -pconst=CONST \
  -AFARRAM=00h-00h -ACONFIG=0300000h-030000Dh -pconfig=CONFIG \
  -AIDLOC=0200000h-0200007h -pidloc=IDLOC -AEEDATA=0F00000h-0F003FFh \
  -peeprom_data=EEDATA \
  -prdata=COMRAM,nvrram=COMRAM,nvbit=COMRAM,rbss=COMRAM,rbit=COMRAM \
  -pfarbss=FARRAM,fardata=FARRAM,nvFARRAM=FARRAM \
  -pintsave_regs=BIGRAM,bigbss=BIGRAM,bigdata=BIGRAM -pbss=RAM \
  -pidata=CODE,irdata=CODE,ibigdata=CODE,ifardata=CODE -prparam=COMRAM \
  C:\Users\Silviu\AppData\Local\Temp\sc8s.obj \
  dist/default/production\PIC18F46K22.X.production.obj 

Object code version is 3.11

Machine type is 18F46K22

Call graph: (short form)




                Name                               Link     Load   Length Selector   Space Scale
C:\Users\Silviu\AppData\Local\Temp\sc8s.obj
                init                                  0        0        4        0       0
                idloc                            200000   200000        8   200000       0
                config                           300000   300000        E   300000       0
dist/default/production\PIC18F46K22.X.production.obj
                text10                             FA06     FA06       1A     7D03       0
                text9                              FB88     FB88       AE     7DC4       0
                text8                              FA48     FA48       38     7D24       0
                text7                              FD08     FD08       F4     7E84       0
                text6                              FDFC     FDFC       F4     7EFE       0
                text5                              FC36     FC36       D2     7E1B       0
                text4                              FABA     FABA       58     7D5D       0
                text3                              FB12     FB12       76     7D89       0
                text2                              F9EE     F9EE       18     7CF7       0
                text1                              FA20     FA20       28     7D10       0
                text0                              FEF0     FEF0      110     7F78       0
                cstackCOMRAM                          1        1       37        1       1
                bssBANK0                             60       60       66       60       1
                dataCOMRAM                           5E       5E        2        1       1
                bssCOMRAM                            38       38       24        1       1
                cinit                              FA80     FA80       3A     7D40       0
                nvCOMRAM                             5C       5C        2        1       1
                idataCOMRAM                        F9EC     F9EC        2     F9EC       0

TOTAL           Name                               Link     Load   Length     Space
        CLASS   STACK          

        CLASS   CODE           
                init                                  0        0        4         0
                text10                             FA06     FA06       1A         0
                text9                              FB88     FB88       AE         0
                text8                              FA48     FA48       38         0
                text7                              FD08     FD08       F4         0
                text6                              FDFC     FDFC       F4         0
                text5                              FC36     FC36       D2         0
                text4                              FABA     FABA       58         0
                text3                              FB12     FB12       76         0
                text2                              F9EE     F9EE       18         0
                text1                              FA20     FA20       28         0
                text0                              FEF0     FEF0      110         0
                cinit                              FA80     FA80       3A         0
                idataCOMRAM                        F9EC     F9EC        2         0

        CLASS   CONST          

        CLASS   SMALLCONST     

        CLASS   MEDIUMCONST    

        CLASS   COMRAM         
                cstackCOMRAM                          1        1       37         1
                dataCOMRAM                           5E       5E        2         1
                bssCOMRAM                            38       38       24         1
                nvCOMRAM                             5C       5C        2         1

        CLASS   ABS1           

        CLASS   BIGRAM         

        CLASS   RAM            

        CLASS   BANK0          
                bssBANK0                             60       60       66         1

        CLASS   BANK1          

        CLASS   BANK2          

        CLASS   BANK3          

        CLASS   BANK4          

        CLASS   BANK5          

        CLASS   BANK6          

        CLASS   BANK7          

        CLASS   BANK8          

        CLASS   BANK9          

        CLASS   BANK10         

        CLASS   BANK11         

        CLASS   BANK12         

        CLASS   BANK13         

        CLASS   BANK14         

        CLASS   BANK15         

        CLASS   SFR            

        CLASS   FARRAM         

        CLASS   CONFIG         
                config                           300000   300000        E         0

        CLASS   IDLOC          
                idloc                            200000   200000        8         0

        CLASS   EEDATA         



SEGMENTS        Name                           Load    Length   Top    Selector   Space  Class

                reset_vec                      000000  000004  000004         0       0  CODE    
                cstackCOMRAM                   000001  00005F  000060         1       1  COMRAM  
                bssBANK0                       000060  000066  0000C6        60       1  BANK0   
                idataCOMRAM                    00F9EC  000002  00F9EE      F9EC       0  CODE    
                text2                          00F9EE  000018  00FA06      7CF7       0  CODE    
                text10                         00FA06  00001A  00FA20      7D03       0  CODE    
                text1                          00FA20  000028  00FA48      7D10       0  CODE    
                text8                          00FA48  000038  00FA80      7D24       0  CODE    
                cinit                          00FA80  00003A  00FABA      7D40       0  CODE    
                text4                          00FABA  000058  00FB12      7D5D       0  CODE    
                text3                          00FB12  000076  00FB88      7D89       0  CODE    
                text9                          00FB88  0000AE  00FC36      7DC4       0  CODE    
                text5                          00FC36  0000D2  00FD08      7E1B       0  CODE    
                text7                          00FD08  0000F4  00FDFC      7E84       0  CODE    
                text6                          00FDFC  0000F4  00FEF0      7EFE       0  CODE    
                text0                          00FEF0  000110  010000      7F78       0  CODE    
                idloc                          200000  000008  200008    200000       0  IDLOC   
                config                         300000  00000E  30000E    300000       0  CONFIG  


UNUSED ADDRESS RANGES

        Name                Unused          Largest block    Delta
        BANK0            0000C6-0000FF               3A
        BANK1            000100-0001FF              100
        BANK10           000A00-000AFF              100
        BANK11           000B00-000BFF              100
        BANK12           000C00-000CFF              100
        BANK13           000D00-000DFF              100
        BANK14           000E00-000EFF              100
        BANK15           000F00-000F37               38
        BANK2            000200-0002FF              100
        BANK3            000300-0003FF              100
        BANK4            000400-0004FF              100
        BANK5            000500-0005FF              100
        BANK6            000600-0006FF              100
        BANK7            000700-0007FF              100
        BANK8            000800-0008FF              100
        BANK9            000900-0009FF              100
        BIGRAM           0000C6-000F37              E72
        CODE             000004-00F9EB             F9E8
        CONST            000004-00F9EB             F9E8
        EEDATA           F00000-F003FF              400
        MEDIUMCONST      001000-00F9EB             E9EC
        RAM              0000C6-000F37              100
        SFR              000F38-000FFF               28
        SMALLCONST       001000-00F9EB              100
        STACK            0000C6-000F37              E72

                                  Symbol Table

?___awtoft               cstackCOMRAM 000009
?___ftmul                cstackCOMRAM 00000D
?___ftpack               cstackCOMRAM 000001
?___fttol                cstackCOMRAM 00001C
USART2WriteInt@F7045     bssBANK0     0000B4
USARTInit@baud_rate      cstackCOMRAM 000001
USARTWriteInt@F7033      bssBANK0     0000B9
_ADCON0                  (abs)        000FC2
_ADCON0bits              (abs)        000FC2
_ADCON1                  (abs)        000FC1
_ADCON2                  (abs)        000FC0
_ADCON2bits              (abs)        000FC0
_ADRESH                  (abs)        000FC4
_ANSELA                  (abs)        000F38
_ANSELAbits              (abs)        000F38
_ANSELB                  (abs)        000F39
_ANSELC                  (abs)        000F3A
_ANSELD                  (abs)        000F3B
_ANSELE                  (abs)        000F3C
_BAUDCON2bits            (abs)        000F70
_CCP1CON                 (abs)        000FBD
_CCP2CON                 (abs)        000F66
_CCP3CON                 (abs)        000F5D
_CCPR1L                  (abs)        000FBE
_CCPR2L                  (abs)        000F67
_CCPR3L                  (abs)        000F5E
_CCPTMRS0                (abs)        000F49
_INTCONbits              (abs)        000FF2
_LATA                    (abs)        000F89
_LATB                    (abs)        000F8A
_LATC                    (abs)        000F8B
_LATD                    (abs)        000F8C
_LATDbits                (abs)        000F8C
_LATE                    (abs)        000F8D
_OSCCON                  (abs)        000FD3
_OSCTUNEbits             (abs)        000F9B
_PIE1bits                (abs)        000F9D
_PIE3bits                (abs)        000FA3
_PIR1bits                (abs)        000F9E
_PIR3bits                (abs)        000FA4
_PORTA                   (abs)        000F80
_PORTB                   (abs)        000F81
_PORTBbits               (abs)        000F81
_PORTC                   (abs)        000F82
_PORTD                   (abs)        000F83
_PORTE                   (abs)        000F84
_PR2                     (abs)        000FBB
_RCREG                   (abs)        000FAE
_RCSTA1bits              (abs)        000FAB
_RCSTA2bits              (abs)        000F71
_SPBRG1                  (abs)        000FAF
_SPBRG2                  (abs)        000F75
_SPBRGH2                 (abs)        000F76
_T2CON                   (abs)        000FBA
_TRISA                   (abs)        000F92
_TRISAbits               (abs)        000F92
_TRISB                   (abs)        000F93
_TRISC                   (abs)        000F94
_TRISCbits               (abs)        000F94
_TRISD                   (abs)        000F95
_TRISDbits               (abs)        000F95
_TRISE                   (abs)        000F96
_TXREG                   (abs)        000FAD
_TXREG2                  (abs)        000F73
_TXSTA1bits              (abs)        000FAC
_TXSTA2bits              (abs)        000F72
_UQEnd                   nvCOMRAM     00005C
_UQFront                 nvCOMRAM     00005D
_URBuff                  bssBANK0     000060
_USARTInit               text3        00FB12
__CFG_BOREN$OFF          (abs)        000000
__CFG_BORV$190           (abs)        000000
__CFG_CCP2MX$PORTC1      (abs)        000000
__CFG_CCP3MX$PORTB5      (abs)        000000
__CFG_CP0$OFF            (abs)        000000
__CFG_CP1$OFF            (abs)        000000
__CFG_CP2$OFF            (abs)        000000
__CFG_CP3$OFF            (abs)        000000
__CFG_CPB$OFF            (abs)        000000
__CFG_CPD$OFF            (abs)        000000
__CFG_EBTR0$OFF          (abs)        000000
__CFG_EBTR1$OFF          (abs)        000000
__CFG_EBTR2$OFF          (abs)        000000
__CFG_EBTR3$OFF          (abs)        000000
__CFG_EBTRB$OFF          (abs)        000000
__CFG_FCMEN$OFF          (abs)        000000
__CFG_FOSC$INTIO67       (abs)        000000
__CFG_HFOFST$ON          (abs)        000000
__CFG_IESO$OFF           (abs)        000000
__CFG_LVP$OFF            (abs)        000000
__CFG_MCLRE$EXTMCLR      (abs)        000000
__CFG_P2BMX$PORTD2       (abs)        000000
__CFG_PBADEN$ON          (abs)        000000
__CFG_PLLCFG$ON          (abs)        000000
__CFG_PRICLKEN$OFF       (abs)        000000
__CFG_PWRTEN$OFF         (abs)        000000
__CFG_STVREN$ON          (abs)        000000
__CFG_T3CMX$PORTC0       (abs)        000000
__CFG_WDTEN$OFF          (abs)        000000
__CFG_WDTPS$32768        (abs)        000000
__CFG_WRT0$OFF           (abs)        000000
__CFG_WRT1$OFF           (abs)        000000
__CFG_WRT2$OFF           (abs)        000000
__CFG_WRT3$OFF           (abs)        000000
__CFG_WRTB$OFF           (abs)        000000
__CFG_WRTC$OFF           (abs)        000000
__CFG_WRTD$OFF           (abs)        000000
__CFG_XINST$OFF          (abs)        000000
__HRAM                   (abs)        000000
__Habs1                  abs1         000000
__Hbank0                 bank0        000000
__Hbank1                 bank1        000000
__Hbank10                bank10       000000
__Hbank11                bank11       000000
__Hbank12                bank12       000000
__Hbank13                bank13       000000
__Hbank14                bank14       000000
__Hbank15                bank15       000000
__Hbank2                 bank2        000000
__Hbank3                 bank3        000000
__Hbank4                 bank4        000000
__Hbank5                 bank5        000000
__Hbank6                 bank6        000000
__Hbank7                 bank7        000000
__Hbank8                 bank8        000000
__Hbank9                 bank9        000000
__Hbigbss                bigbss       000000
__Hbigdata               bigdata      000000
__Hbigram                bigram       000000
__Hbss                   bss          000000
__HbssBANK0              bssBANK0     000000
__HbssCOMRAM             bssCOMRAM    000000
__Hcinit                 cinit        000000
__Hclrtext               clrtext      000000
__Hcomram                comram       000000
__Hconfig                config       30000E
__Hconst                 const        000000
__HcstackCOMRAM          cstackCOMRAM 000000
__Hdata                  data         000000
__HdataCOMRAM            dataCOMRAM   000000
__Heeprom_data           eeprom_data  000000
__Hfarbss                farbss       000000
__Hfardata               fardata      000000
__Hibigdata              ibigdata     000000
__Hidata                 idata        000000
__HidataCOMRAM           idataCOMRAM  000000
__Hidloc                 idloc        200008
__Hifardata              ifardata     000000
__Hinit                  init         000004
__Hintcode               intcode      000000
__Hintcode_body          intcode_body 000000
__Hintcodelo             intcodelo    000000
__Hintentry              intentry     000000
__Hintret                intret       000000
__Hintsave_regs          intsave_regs 000000
__Hirdata                irdata       000000
__Hmediumconst           mediumconst  000000
__HnvCOMRAM              nvCOMRAM     000000
__HnvFARRAM              nvFARRAM     000000
__Hnvbit                 nvbit        000000
__Hnvrram                nvrram       000000
__Hparam                 rparam       000000
__Hpowerup               powerup      000000
__Hram                   ram          000000
__Hramtop                ramtop       001000
__Hrbit                  rbit         000000
__Hrbss                  rbss         000000
__Hrdata                 rdata        000000
__Hreset_vec             reset_vec    000000
__Hrparam                rparam       000000
__Hsfr                   sfr          000000
__Hsmallconst            smallconst   000000
__Hspace_0               (abs)        30000E
__Hspace_1               (abs)        0000C6
__Hspace_2               (abs)        000000
__Hstack                 stack        000000
__Hstruct                struct       000000
__Htemp                  temp         000000
__Htext                  text         000000
__Htext0                 text0        000000
__Htext1                 text1        000000
__Htext10                text10       000000
__Htext2                 text2        000000
__Htext3                 text3        000000
__Htext4                 text4        000000
__Htext5                 text5        000000
__Htext6                 text6        000000
__Htext7                 text7        000000
__Htext8                 text8        000000
__Htext9                 text9        000000
__LRAM                   (abs)        000001
__Labs1                  abs1         000000
__Lbank0                 bank0        000000
__Lbank1                 bank1        000000
__Lbank10                bank10       000000
__Lbank11                bank11       000000
__Lbank12                bank12       000000
__Lbank13                bank13       000000
__Lbank14                bank14       000000
__Lbank15                bank15       000000
__Lbank2                 bank2        000000
__Lbank3                 bank3        000000
__Lbank4                 bank4        000000
__Lbank5                 bank5        000000
__Lbank6                 bank6        000000
__Lbank7                 bank7        000000
__Lbank8                 bank8        000000
__Lbank9                 bank9        000000
__Lbigbss                bigbss       000000
__Lbigdata               bigdata      000000
__Lbigram                bigram       000000
__Lbss                   bss          000000
__LbssBANK0              bssBANK0     000000
__LbssCOMRAM             bssCOMRAM    000000
__Lcinit                 cinit        000000
__Lclrtext               clrtext      000000
__Lcomram                comram       000000
__Lconfig                config       300000
__Lconst                 const        000000
__LcstackCOMRAM          cstackCOMRAM 000000
__Ldata                  data         000000
__LdataCOMRAM            dataCOMRAM   000000
__Leeprom_data           eeprom_data  000000
__Lfarbss                farbss       000000
__Lfardata               fardata      000000
__Libigdata              ibigdata     000000
__Lidata                 idata        000000
__LidataCOMRAM           idataCOMRAM  000000
__Lidloc                 idloc        200000
__Lifardata              ifardata     000000
__Linit                  init         000000
__Lintcode               intcode      000000
__Lintcode_body          intcode_body 000000
__Lintcodelo             intcodelo    000000
__Lintentry              intentry     000000
__Lintret                intret       000000
__Lintsave_regs          intsave_regs 000000
__Lirdata                irdata       000000
__Lmediumconst           mediumconst  000000
__LnvCOMRAM              nvCOMRAM     000000
__LnvFARRAM              nvFARRAM     000000
__Lnvbit                 nvbit        000000
__Lnvrram                nvrram       000000
__Lparam                 rparam       000000
__Lpowerup               powerup      000000
__Lram                   ram          000000
__Lramtop                ramtop       001000
__Lrbit                  rbit         000000
__Lrbss                  rbss         000000
__Lrdata                 rdata        000000
__Lreset_vec             reset_vec    000000
__Lrparam                rparam       000000
__Lsfr                   sfr          000000
__Lsmallconst            smallconst   000000
__Lspace_0               (abs)        000000
__Lspace_1               (abs)        000000
__Lspace_2               (abs)        000000
__Lstack                 stack        000000
__Lstruct                struct       000000
__Ltemp                  temp         000000
__Ltext                  text         000000
__Ltext0                 text0        000000
__Ltext1                 text1        000000
__Ltext10                text10       000000
__Ltext2                 text2        000000
__Ltext3                 text3        000000
__Ltext4                 text4        000000
__Ltext5                 text5        000000
__Ltext6                 text6        000000
__Ltext7                 text7        000000
__Ltext8                 text8        000000
__Ltext9                 text9        000000
__S0                     (abs)        30000E
__S1                     (abs)        0000C6
__S2                     (abs)        000000
___awtoft                text8        00FA48
___awtoft@c              cstackCOMRAM 000009
___awtoft@sign           cstackCOMRAM 00000C
___ftmul                 text7        00FD08
___ftmul@cntr            cstackCOMRAM 00001A
___ftmul@exp             cstackCOMRAM 000016
___ftmul@f1              cstackCOMRAM 00000D
___ftmul@f2              cstackCOMRAM 000010
___ftmul@f3_as_product   cstackCOMRAM 000017
___ftmul@sign            cstackCOMRAM 00001B
___ftpack                text9        00FB88
___ftpack@arg            cstackCOMRAM 000001
___ftpack@exp            cstackCOMRAM 000004
___ftpack@sign           cstackCOMRAM 000005
___fttol                 text6        00FDFC
___fttol@exp1            cstackCOMRAM 00002A
___fttol@f1              cstackCOMRAM 00001C
___fttol@lval            cstackCOMRAM 000026
___fttol@sign1           cstackCOMRAM 000025
___inthi_sp              stack        000000
___intlo_sp              stack        000000
___param_bank            (abs)        000000
___rparam_used           (abs)        000001
___sp                    stack        000000
__accesstop              (abs)        000060
__activetblptr           (abs)        000002
__end_of_USARTInit       text3        00FB88
__end_of___awtoft        text8        00FA80
__end_of___ftmul         text7        00FDFC
__end_of___ftpack        text9        00FC36
__end_of___fttol         text6        00FEF0
__end_of__initialization cinit        00FAB0
__end_of_adc_config      text10       00FA20
__end_of_buck_boost      text5        00FD08
__end_of_config          text4        00FB12
__end_of_eusart_config   text2        00FA06
__end_of_main            text0        010000
__end_of_pwm_config      text1        00FA48
__initialization         cinit        00FA80
__mediumconst            mediumconst  000000
__pbssBANK0              bssBANK0     000060
__pbssCOMRAM             bssCOMRAM    000038
__pcinit                 cinit        00FA80
__pcstackCOMRAM          cstackCOMRAM 000001
__pdataCOMRAM            dataCOMRAM   00005E
__pidataCOMRAM           idataCOMRAM  00F9EC
__pnvCOMRAM              nvCOMRAM     00005C
__ptext0                 text0        00FEF0
__ptext1                 text1        00FA20
__ptext10                text10       00FA06
__ptext2                 text2        00F9EE
__ptext3                 text3        00FB12
__ptext4                 text4        00FABA
__ptext5                 text5        00FC36
__ptext6                 text6        00FDFC
__ptext7                 text7        00FD08
__ptext8                 text8        00FA48
__ptext9                 text9        00FB88
__ramtop                 ramtop       001000
__size_of_USARTInit      (abs)        000000
__size_of___awtoft       (abs)        000000
__size_of___ftmul        (abs)        000000
__size_of___ftpack       (abs)        000000
__size_of___fttol        (abs)        000000
__size_of_adc_config     (abs)        000000
__size_of_buck_boost     (abs)        000000
__size_of_config         (abs)        000000
__size_of_eusart_config  (abs)        000000
__size_of_main           (abs)        000000
__size_of_pwm_config     (abs)        000000
__smallconst             smallconst   000000
_a                       bssCOMRAM    00005A
_adc_config              text10       00FA06
_adcn                    bssCOMRAM    000038
_adcp                    bssCOMRAM    00003A
_b                       bssCOMRAM    00003C
_boost                   bssBANK0     0000BE
_buck                    bssBANK0     0000C0
_buck_boost              text5        00FC36
_c                       bssCOMRAM    000058
_cnt                     dataCOMRAM   00005E
_config                  text4        00FABA
_d                       bssCOMRAM    000056
_dir                     bssCOMRAM    00004C
_directie_2              bssCOMRAM    000048
_dty                     bssBANK0     0000C2
_duty_boost              bssCOMRAM    000052
_duty_buck               bssCOMRAM    000050
_eusart_config           text2        00F9EE
_fac                     bssCOMRAM    000054
_go_stepper              bssCOMRAM    000046
_main                    text0        00FEF0
_nr_pasi                 bssCOMRAM    00004A
_nt                      bssCOMRAM    00003E
_pasi                    bssCOMRAM    00004E
_pasi_int                bssCOMRAM    000042
_pwm_config              text1        00FA20
_sel_pasi                bssCOMRAM    000040
_start                   bssCOMRAM    000044
_str                     bssBANK0     0000A0
_type                    bssBANK0     0000C4
buck_boost@dty           cstackCOMRAM 00002D
buck_boost@type          cstackCOMRAM 00002B
end_of_initialization    cinit        00FAB0
intlevel0                text         000000
intlevel1                text         000000
intlevel2                text         000000
intlevel3                text         000000
main@dty                 cstackCOMRAM 000034
main@numar               cstackCOMRAM 000031
main@rez_adc             cstackCOMRAM 000036
stackhi                  (abs)        000F37
stacklo                  (abs)        0000C6
start                    init         000000
start_initialization     cinit        00FA80


FUNCTION INFORMATION:

 *************** function _main *****************
 Defined at:
		line 22 in file "main.c"
 Parameters:    Size  Location     Type
		None
 Auto vars:     Size  Location     Type
  pwm_buffer     20    0        unsigned char [20]
  numar           3   48[COMRAM] float 
  rez_adc         2   53[COMRAM] int 
  dty             2   51[COMRAM] int 
 Return value:  Size  Location     Type
                  1    wreg      void 
 Registers used:
		wreg, status,2, status,0, cstack
 Tracked objects:
		On entry : 
		On exit  : 
		Unchanged: 
 Data sizes:     COMRAM   BANK0   BANK1   BANK2   BANK3   BANK4   BANK5   BANK6   BANK7   BANK8   BANK9  BANK10  BANK11  BANK12  BANK13  BANK14  BANK15
      Params:         0       0       0       0       0       0       0       0       0       0       0       0       0       0       0       0       0
      Locals:         7       0       0       0       0       0       0       0       0       0       0       0       0       0       0       0       0
      Temps:          2       0       0       0       0       0       0       0       0       0       0       0       0       0       0       0       0
      Totals:         9       0       0       0       0       0       0       0       0       0       0       0       0       0       0       0       0
Total ram usage:        9 bytes
 Hardware stack levels required when called:    3
 This function calls:
		___awtoft
		___ftmul
		___fttol
		_adc_config
		_buck_boost
		_config
		_eusart_config
		_pwm_config
 This function is called by:
		Startup code after reset
 This function uses a non-reentrant model


 *************** function _pwm_config *****************
 Defined at:
		line 43 in file "config.c"
 Parameters:    Size  Location     Type
		None
 Auto vars:     Size  Location     Type
		None
 Return value:  Size  Location     Type
                  1    wreg      void 
 Registers used:
		wreg, status,2
 Tracked objects:
		On entry : 
		On exit  : 
		Unchanged: 
 Data sizes:     COMRAM   BANK0   BANK1   BANK2   BANK3   BANK4   BANK5   BANK6   BANK7   BANK8   BANK9  BANK10  BANK11  BANK12  BANK13  BANK14  BANK15
      Params:         0       0       0       0       0       0       0       0       0       0       0       0       0       0       0       0       0
      Locals:         0       0       0       0       0       0       0       0       0       0       0       0       0       0       0       0       0
      Temps:          0       0       0       0       0       0       0       0       0       0       0       0       0       0       0       0       0
      Totals:         0       0       0       0       0       0       0       0       0       0       0       0       0       0       0       0       0
Total ram usage:        0 bytes
 Hardware stack levels used:    1
 This function calls:
		Nothing
 This function is called by:
		_main
 This function uses a non-reentrant model


 *************** function _eusart_config *****************
 Defined at:
		line 73 in file "config.c"
 Parameters:    Size  Location     Type
		None
 Auto vars:     Size  Location     Type
		None
 Return value:  Size  Location     Type
                  1    wreg      void 
 Registers used:
		wreg, status,2, status,0, cstack
 Tracked objects:
		On entry : 
		On exit  : 
		Unchanged: 
 Data sizes:     COMRAM   BANK0   BANK1   BANK2   BANK3   BANK4   BANK5   BANK6   BANK7   BANK8   BANK9  BANK10  BANK11  BANK12  BANK13  BANK14  BANK15
      Params:         0       0       0       0       0       0       0       0       0       0       0       0       0       0       0       0       0
      Locals:         0       0       0       0       0       0       0       0       0       0       0       0       0       0       0       0       0
      Temps:          0       0       0       0       0       0       0       0       0       0       0       0       0       0       0       0       0
      Totals:         0       0       0       0       0       0       0       0       0       0       0       0       0       0       0       0       0
Total ram usage:        0 bytes
 Hardware stack levels used:    1
 Hardware stack levels required when called:    1
 This function calls:
		_USARTInit
 This function is called by:
		_main
 This function uses a non-reentrant model


 *************** function _USARTInit *****************
 Defined at:
		line 31 in file "usart_pic16.c"
 Parameters:    Size  Location     Type
  baud_rate       2    0[COMRAM] unsigned int 
 Auto vars:     Size  Location     Type
		None
 Return value:  Size  Location     Type
                  1    wreg      void 
 Registers used:
		wreg, status,2, status,0
 Tracked objects:
		On entry : 
		On exit  : 
		Unchanged: 
 Data sizes:     COMRAM   BANK0   BANK1   BANK2   BANK3   BANK4   BANK5   BANK6   BANK7   BANK8   BANK9  BANK10  BANK11  BANK12  BANK13  BANK14  BANK15
      Params:         2       0       0       0       0       0       0       0       0       0       0       0       0       0       0       0       0
      Locals:         0       0       0       0       0       0       0       0       0       0       0       0       0       0       0       0       0
      Temps:          2       0       0       0       0       0       0       0       0       0       0       0       0       0       0       0       0
      Totals:         4       0       0       0       0       0       0       0       0       0       0       0       0       0       0       0       0
Total ram usage:        4 bytes
 Hardware stack levels used:    1
 This function calls:
		Nothing
 This function is called by:
		_eusart_config
 This function uses a non-reentrant model


 *************** function _config *****************
 Defined at:
		line 4 in file "config.c"
 Parameters:    Size  Location     Type
		None
 Auto vars:     Size  Location     Type
		None
 Return value:  Size  Location     Type
                  1    wreg      void 
 Registers used:
		wreg, status,2
 Tracked objects:
		On entry : 
		On exit  : 
		Unchanged: 
 Data sizes:     COMRAM   BANK0   BANK1   BANK2   BANK3   BANK4   BANK5   BANK6   BANK7   BANK8   BANK9  BANK10  BANK11  BANK12  BANK13  BANK14  BANK15
      Params:         0       0       0       0       0       0       0       0       0       0       0       0       0       0       0       0       0
      Locals:         0       0       0       0       0       0       0       0       0       0       0       0       0       0       0       0       0
      Temps:          0       0       0       0       0       0       0       0       0       0       0       0       0       0       0       0       0
      Totals:         0       0       0       0       0       0       0       0       0       0       0       0       0       0       0       0       0
Total ram usage:        0 bytes
 Hardware stack levels used:    1
 This function calls:
		Nothing
 This function is called by:
		_main
 This function uses a non-reentrant model


 *************** function _buck_boost *****************
 Defined at:
		line 42 in file "pwm_con.c"
 Parameters:    Size  Location     Type
  type            2   42[COMRAM] int 
  dty             2   44[COMRAM] int 
 Auto vars:     Size  Location     Type
		None
 Return value:  Size  Location     Type
                  1    wreg      void 
 Registers used:
		wreg, status,2, status,0, cstack
 Tracked objects:
		On entry : 
		On exit  : 
		Unchanged: 
 Data sizes:     COMRAM   BANK0   BANK1   BANK2   BANK3   BANK4   BANK5   BANK6   BANK7   BANK8   BANK9  BANK10  BANK11  BANK12  BANK13  BANK14  BANK15
      Params:         4       0       0       0       0       0       0       0       0       0       0       0       0       0       0       0       0
      Locals:         0       0       0       0       0       0       0       0       0       0       0       0       0       0       0       0       0
      Temps:          0       0       0       0       0       0       0       0       0       0       0       0       0       0       0       0       0
      Totals:         4       0       0       0       0       0       0       0       0       0       0       0       0       0       0       0       0
Total ram usage:        4 bytes
 Hardware stack levels used:    1
 Hardware stack levels required when called:    2
 This function calls:
		___awtoft
		___ftmul
		___fttol
 This function is called by:
		_main
 This function uses a non-reentrant model


 *************** function ___fttol *****************
 Defined at:
		line 44 in file "C:\Program Files (x86)\Microchip\xc8\v1.44\sources\common\fttol.c"
 Parameters:    Size  Location     Type
  f1              3   27[COMRAM] float 
 Auto vars:     Size  Location     Type
  lval            4   37[COMRAM] unsigned long 
  exp1            1   41[COMRAM] unsigned char 
  sign1           1   36[COMRAM] unsigned char 
 Return value:  Size  Location     Type
                  4   27[COMRAM] long 
 Registers used:
		wreg, status,2, status,0
 Tracked objects:
		On entry : 
		On exit  : 
		Unchanged: 
 Data sizes:     COMRAM   BANK0   BANK1   BANK2   BANK3   BANK4   BANK5   BANK6   BANK7   BANK8   BANK9  BANK10  BANK11  BANK12  BANK13  BANK14  BANK15
      Params:         4       0       0       0       0       0       0       0       0       0       0       0       0       0       0       0       0
      Locals:         6       0       0       0       0       0       0       0       0       0       0       0       0       0       0       0       0
      Temps:          5       0       0       0       0       0       0       0       0       0       0       0       0       0       0       0       0
      Totals:        15       0       0       0       0       0       0       0       0       0       0       0       0       0       0       0       0
Total ram usage:       15 bytes
 Hardware stack levels used:    1
 This function calls:
		Nothing
 This function is called by:
		_main
		_buck_boost
 This function uses a non-reentrant model


 *************** function ___ftmul *****************
 Defined at:
		line 62 in file "C:\Program Files (x86)\Microchip\xc8\v1.44\sources\common\ftmul.c"
 Parameters:    Size  Location     Type
  f1              3   12[COMRAM] float 
  f2              3   15[COMRAM] float 
 Auto vars:     Size  Location     Type
  f3_as_produc    3   22[COMRAM] unsigned um
  sign            1   26[COMRAM] unsigned char 
  cntr            1   25[COMRAM] unsigned char 
  exp             1   21[COMRAM] unsigned char 
 Return value:  Size  Location     Type
                  3   12[COMRAM] float 
 Registers used:
		wreg, status,2, status,0, cstack
 Tracked objects:
		On entry : 
		On exit  : 
		Unchanged: 
 Data sizes:     COMRAM   BANK0   BANK1   BANK2   BANK3   BANK4   BANK5   BANK6   BANK7   BANK8   BANK9  BANK10  BANK11  BANK12  BANK13  BANK14  BANK15
      Params:         6       0       0       0       0       0       0       0       0       0       0       0       0       0       0       0       0
      Locals:         6       0       0       0       0       0       0       0       0       0       0       0       0       0       0       0       0
      Temps:          3       0       0       0       0       0       0       0       0       0       0       0       0       0       0       0       0
      Totals:        15       0       0       0       0       0       0       0       0       0       0       0       0       0       0       0       0
Total ram usage:       15 bytes
 Hardware stack levels used:    1
 Hardware stack levels required when called:    1
 This function calls:
		___ftpack
 This function is called by:
		_main
		_buck_boost
 This function uses a non-reentrant model


 *************** function ___awtoft *****************
 Defined at:
		line 32 in file "C:\Program Files (x86)\Microchip\xc8\v1.44\sources\common\awtoft.c"
 Parameters:    Size  Location     Type
  c               2    8[COMRAM] int 
 Auto vars:     Size  Location     Type
  sign            1   11[COMRAM] unsigned char 
 Return value:  Size  Location     Type
                  3    8[COMRAM] float 
 Registers used:
		wreg, status,2, status,0, cstack
 Tracked objects:
		On entry : 
		On exit  : 
		Unchanged: 
 Data sizes:     COMRAM   BANK0   BANK1   BANK2   BANK3   BANK4   BANK5   BANK6   BANK7   BANK8   BANK9  BANK10  BANK11  BANK12  BANK13  BANK14  BANK15
      Params:         3       0       0       0       0       0       0       0       0       0       0       0       0       0       0       0       0
      Locals:         1       0       0       0       0       0       0       0       0       0       0       0       0       0       0       0       0
      Temps:          0       0       0       0       0       0       0       0       0       0       0       0       0       0       0       0       0
      Totals:         4       0       0       0       0       0       0       0       0       0       0       0       0       0       0       0       0
Total ram usage:        4 bytes
 Hardware stack levels used:    1
 Hardware stack levels required when called:    1
 This function calls:
		___ftpack
 This function is called by:
		_main
		_buck_boost
 This function uses a non-reentrant model


 *************** function ___ftpack *****************
 Defined at:
		line 62 in file "C:\Program Files (x86)\Microchip\xc8\v1.44\sources\common\float.c"
 Parameters:    Size  Location     Type
  arg             3    0[COMRAM] unsigned um
  exp             1    3[COMRAM] unsigned char 
  sign            1    4[COMRAM] unsigned char 
 Auto vars:     Size  Location     Type
		None
 Return value:  Size  Location     Type
                  3    0[COMRAM] float 
 Registers used:
		wreg, status,2, status,0
 Tracked objects:
		On entry : 
		On exit  : 
		Unchanged: 
 Data sizes:     COMRAM   BANK0   BANK1   BANK2   BANK3   BANK4   BANK5   BANK6   BANK7   BANK8   BANK9  BANK10  BANK11  BANK12  BANK13  BANK14  BANK15
      Params:         5       0       0       0       0       0       0       0       0       0       0       0       0       0       0       0       0
      Locals:         0       0       0       0       0       0       0       0       0       0       0       0       0       0       0       0       0
      Temps:          3       0       0       0       0       0       0       0       0       0       0       0       0       0       0       0       0
      Totals:         8       0       0       0       0       0       0       0       0       0       0       0       0       0       0       0       0
Total ram usage:        8 bytes
 Hardware stack levels used:    1
 This function calls:
		Nothing
 This function is called by:
		___awtoft
		___ftmul
 This function uses a non-reentrant model


 *************** function _adc_config *****************
 Defined at:
		line 59 in file "config.c"
 Parameters:    Size  Location     Type
		None
 Auto vars:     Size  Location     Type
		None
 Return value:  Size  Location     Type
                  1    wreg      void 
 Registers used:
		wreg, status,2
 Tracked objects:
		On entry : 
		On exit  : 
		Unchanged: 
 Data sizes:     COMRAM   BANK0   BANK1   BANK2   BANK3   BANK4   BANK5   BANK6   BANK7   BANK8   BANK9  BANK10  BANK11  BANK12  BANK13  BANK14  BANK15
      Params:         0       0       0       0       0       0       0       0       0       0       0       0       0       0       0       0       0
      Locals:         0       0       0       0       0       0       0       0       0       0       0       0       0       0       0       0       0
      Temps:          0       0       0       0       0       0       0       0       0       0       0       0       0       0       0       0       0
      Totals:         0       0       0       0       0       0       0       0       0       0       0       0       0       0       0       0       0
Total ram usage:        0 bytes
 Hardware stack levels used:    1
 This function calls:
		Nothing
 This function is called by:
		_main
 This function uses a non-reentrant model



MODULE INFORMATION

Module		Function		Class		Link	Load	Size
C:\Program Files (x86)\Microchip\xc8\v1.44\sources\common\awtoft.c
		___awtoft      		CODE           	FA48	0000	57

C:\Program Files (x86)\Microchip\xc8\v1.44\sources\common\awtoft.c estimated size: 57

usart_pic16.c
		_USARTInit     		CODE           	FB12	0000	119

usart_pic16.c estimated size: 119

pwm_con.c
		_buck_boost    		CODE           	FC36	0000	211

pwm_con.c estimated size: 211

C:\Program Files (x86)\Microchip\xc8\v1.44\sources\common\ftmul.c
		___ftmul       		CODE           	FD08	0000	245

C:\Program Files (x86)\Microchip\xc8\v1.44\sources\common\ftmul.c estimated size: 245

config.c
		_config        		CODE           	FABA	0000	89
		_pwm_config    		CODE           	FA20	0000	41
		_adc_config    		CODE           	FA06	0000	27
		_eusart_config 		CODE           	F9EE	0000	25

config.c estimated size: 182

C:\Program Files (x86)\Microchip\xc8\v1.44\sources\common\fttol.c
		___fttol       		CODE           	FDFC	0000	245

C:\Program Files (x86)\Microchip\xc8\v1.44\sources\common\fttol.c estimated size: 245

shared
		__initialization		CODE           	FA80	0000	49

shared estimated size: 49

main.c
		_main          		CODE           	FEF0	0000	273

main.c estimated size: 273

C:\Program Files (x86)\Microchip\xc8\v1.44\sources\common\float.c
		___ftpack      		CODE           	FB88	0000	175

C:\Program Files (x86)\Microchip\xc8\v1.44\sources\common\float.c estimated size: 175

